INFO:     Will watch for changes in these directories: ['C:\\Projects\\lighthousePM\\backend']
INFO:     Uvicorn running on http://127.0.0.1:8000 (Press CTRL+C to quit)
INFO:     Started reloader process [9344] using WatchFiles
INFO:     Started server process [9712]
INFO:     Waiting for application startup.
2026-04-24 14:49:19,644 INFO [app.main] startup_settings jira_sync_enabled=True jira_project_key=SCRUM jira_sync_interval_seconds=3600
2026-04-24 14:49:19,692 INFO [apscheduler.scheduler] Adding job tentatively -- it will be properly scheduled when the scheduler starts
2026-04-24 14:49:19,693 INFO [apscheduler.scheduler] Added job "_run_sync_job" to job store "default"
2026-04-24 14:49:19,694 INFO [apscheduler.scheduler] Scheduler started
2026-04-24 14:49:19,694 INFO [app.jobs.scheduler] scheduled_sync_scheduler_started interval_seconds=3600
INFO:     Application startup complete.
2026-04-24 14:57:51,483 INFO [app.api.sync] sync_endpoint_settings jira_sync_enabled=True jira_project_key=SCRUM
2026-04-24 14:57:51,484 INFO [app.services.sync_service] sync_validate_settings jira_sync_enabled=True jira_project_key=SCRUM
2026-04-24 14:57:51,484 INFO [app.services.sync_service] jira_sync_started project_key=SCRUM
2026-04-24 14:57:52,532 INFO [httpx] HTTP Request: GET https://goldenpath.atlassian.net/rest/api/3/project/SCRUM/versions "HTTP/1.1 200 OK"
2026-04-24 14:57:52,574 INFO [app.services.sync_service] jira_sync_releases_processed project_key=SCRUM releases_fetched=4 releases_inserted=1 releases_updated=3
2026-04-24 14:57:53,061 INFO [httpx] HTTP Request: POST https://goldenpath.atlassian.net/rest/api/3/search/jql "HTTP/1.1 200 OK"
2026-04-24 14:57:53,361 INFO [httpx] HTTP Request: GET https://goldenpath.atlassian.net/rest/api/3/issue/SCRUM-1?fields=summary%2Cstatus%2Cissuetype%2Cassignee%2Cupdated%2CfixVersions%2Cpriority%2Cdescription%2Clabels%2Ccomponents%2Creporter "HTTP/1.1 200 OK"
2026-04-24 14:57:53,839 INFO [httpx] HTTP Request: GET https://goldenpath.atlassian.net/rest/api/3/issue/SCRUM-1/changelog?startAt=0&maxResults=100 "HTTP/1.1 200 OK"
2026-04-24 14:57:54,197 INFO [httpx] HTTP Request: GET https://goldenpath.atlassian.net/rest/api/3/issue/SCRUM-2?fields=summary%2Cstatus%2Cissuetype%2Cassignee%2Cupdated%2CfixVersions%2Cpriority%2Cdescription%2Clabels%2Ccomponents%2Creporter "HTTP/1.1 200 OK"
2026-04-24 14:57:54,417 INFO [httpx] HTTP Request: GET https://goldenpath.atlassian.net/rest/api/3/issue/SCRUM-2/changelog?startAt=0&maxResults=100 "HTTP/1.1 200 OK"
2026-04-24 14:57:54,803 INFO [httpx] HTTP Request: GET https://goldenpath.atlassian.net/rest/api/3/issue/SCRUM-3?fields=summary%2Cstatus%2Cissuetype%2Cassignee%2Cupdated%2CfixVersions%2Cpriority%2Cdescription%2Clabels%2Ccomponents%2Creporter "HTTP/1.1 200 OK"
2026-04-24 14:57:55,057 INFO [httpx] HTTP Request: GET https://goldenpath.atlassian.net/rest/api/3/issue/SCRUM-3/changelog?startAt=0&maxResults=100 "HTTP/1.1 200 OK"
2026-04-24 14:57:55,394 INFO [httpx] HTTP Request: GET https://goldenpath.atlassian.net/rest/api/3/issue/SCRUM-4?fields=summary%2Cstatus%2Cissuetype%2Cassignee%2Cupdated%2CfixVersions%2Cpriority%2Cdescription%2Clabels%2Ccomponents%2Creporter "HTTP/1.1 200 OK"
2026-04-24 14:57:55,617 INFO [httpx] HTTP Request: GET https://goldenpath.atlassian.net/rest/api/3/issue/SCRUM-4/changelog?startAt=0&maxResults=100 "HTTP/1.1 200 OK"
2026-04-24 14:57:55,929 INFO [httpx] HTTP Request: GET https://goldenpath.atlassian.net/rest/api/3/issue/SCRUM-5?fields=summary%2Cstatus%2Cissuetype%2Cassignee%2Cupdated%2CfixVersions%2Cpriority%2Cdescription%2Clabels%2Ccomponents%2Creporter "HTTP/1.1 200 OK"
2026-04-24 14:57:56,313 INFO [httpx] HTTP Request: GET https://goldenpath.atlassian.net/rest/api/3/issue/SCRUM-5/changelog?startAt=0&maxResults=100 "HTTP/1.1 200 OK"
2026-04-24 14:57:56,554 INFO [httpx] HTTP Request: GET https://goldenpath.atlassian.net/rest/api/3/issue/SCRUM-6?fields=summary%2Cstatus%2Cissuetype%2Cassignee%2Cupdated%2CfixVersions%2Cpriority%2Cdescription%2Clabels%2Ccomponents%2Creporter "HTTP/1.1 200 OK"
2026-04-24 14:57:56,878 INFO [httpx] HTTP Request: GET https://goldenpath.atlassian.net/rest/api/3/issue/SCRUM-6/changelog?startAt=0&maxResults=100 "HTTP/1.1 200 OK"
2026-04-24 14:57:57,217 INFO [httpx] HTTP Request: GET https://goldenpath.atlassian.net/rest/api/3/issue/SCRUM-7?fields=summary%2Cstatus%2Cissuetype%2Cassignee%2Cupdated%2CfixVersions%2Cpriority%2Cdescription%2Clabels%2Ccomponents%2Creporter "HTTP/1.1 200 OK"
2026-04-24 14:57:57,466 INFO [httpx] HTTP Request: GET https://goldenpath.atlassian.net/rest/api/3/issue/SCRUM-7/changelog?startAt=0&maxResults=100 "HTTP/1.1 200 OK"
2026-04-24 14:57:57,702 INFO [httpx] HTTP Request: GET https://goldenpath.atlassian.net/rest/api/3/issue/SCRUM-8?fields=summary%2Cstatus%2Cissuetype%2Cassignee%2Cupdated%2CfixVersions%2Cpriority%2Cdescription%2Clabels%2Ccomponents%2Creporter "HTTP/1.1 200 OK"
2026-04-24 14:57:57,899 INFO [httpx] HTTP Request: GET https://goldenpath.atlassian.net/rest/api/3/issue/SCRUM-8/changelog?startAt=0&maxResults=100 "HTTP/1.1 200 OK"
2026-04-24 14:57:58,104 INFO [httpx] HTTP Request: GET https://goldenpath.atlassian.net/rest/api/3/issue/SCRUM-9?fields=summary%2Cstatus%2Cissuetype%2Cassignee%2Cupdated%2CfixVersions%2Cpriority%2Cdescription%2Clabels%2Ccomponents%2Creporter "HTTP/1.1 200 OK"
2026-04-24 14:57:58,294 INFO [httpx] HTTP Request: GET https://goldenpath.atlassian.net/rest/api/3/issue/SCRUM-9/changelog?startAt=0&maxResults=100 "HTTP/1.1 200 OK"
2026-04-24 14:57:58,485 INFO [httpx] HTTP Request: GET https://goldenpath.atlassian.net/rest/api/3/issue/SCRUM-10?fields=summary%2Cstatus%2Cissuetype%2Cassignee%2Cupdated%2CfixVersions%2Cpriority%2Cdescription%2Clabels%2Ccomponents%2Creporter "HTTP/1.1 200 OK"
2026-04-24 14:57:58,780 INFO [httpx] HTTP Request: GET https://goldenpath.atlassian.net/rest/api/3/issue/SCRUM-10/changelog?startAt=0&maxResults=100 "HTTP/1.1 200 OK"
2026-04-24 14:57:59,095 INFO [httpx] HTTP Request: GET https://goldenpath.atlassian.net/rest/api/3/issue/SCRUM-11?fields=summary%2Cstatus%2Cissuetype%2Cassignee%2Cupdated%2CfixVersions%2Cpriority%2Cdescription%2Clabels%2Ccomponents%2Creporter "HTTP/1.1 200 OK"
2026-04-24 14:57:59,277 INFO [httpx] HTTP Request: GET https://goldenpath.atlassian.net/rest/api/3/issue/SCRUM-11/changelog?startAt=0&maxResults=100 "HTTP/1.1 200 OK"
2026-04-24 14:57:59,551 INFO [httpx] HTTP Request: GET https://goldenpath.atlassian.net/rest/api/3/issue/SCRUM-12?fields=summary%2Cstatus%2Cissuetype%2Cassignee%2Cupdated%2CfixVersions%2Cpriority%2Cdescription%2Clabels%2Ccomponents%2Creporter "HTTP/1.1 200 OK"
2026-04-24 14:57:59,764 INFO [httpx] HTTP Request: GET https://goldenpath.atlassian.net/rest/api/3/issue/SCRUM-12/changelog?startAt=0&maxResults=100 "HTTP/1.1 200 OK"
2026-04-24 14:57:59,967 INFO [httpx] HTTP Request: GET https://goldenpath.atlassian.net/rest/api/3/issue/SCRUM-13?fields=summary%2Cstatus%2Cissuetype%2Cassignee%2Cupdated%2CfixVersions%2Cpriority%2Cdescription%2Clabels%2Ccomponents%2Creporter "HTTP/1.1 200 OK"
2026-04-24 14:58:00,183 INFO [httpx] HTTP Request: GET https://goldenpath.atlassian.net/rest/api/3/issue/SCRUM-13/changelog?startAt=0&maxResults=100 "HTTP/1.1 200 OK"
2026-04-24 14:58:00,396 INFO [httpx] HTTP Request: GET https://goldenpath.atlassian.net/rest/api/3/issue/SCRUM-14?fields=summary%2Cstatus%2Cissuetype%2Cassignee%2Cupdated%2CfixVersions%2Cpriority%2Cdescription%2Clabels%2Ccomponents%2Creporter "HTTP/1.1 200 OK"
2026-04-24 14:58:00,696 INFO [httpx] HTTP Request: GET https://goldenpath.atlassian.net/rest/api/3/issue/SCRUM-14/changelog?startAt=0&maxResults=100 "HTTP/1.1 200 OK"
2026-04-24 14:58:00,984 INFO [httpx] HTTP Request: GET https://goldenpath.atlassian.net/rest/api/3/issue/SCRUM-15?fields=summary%2Cstatus%2Cissuetype%2Cassignee%2Cupdated%2CfixVersions%2Cpriority%2Cdescription%2Clabels%2Ccomponents%2Creporter "HTTP/1.1 200 OK"
2026-04-24 14:58:01,304 INFO [httpx] HTTP Request: GET https://goldenpath.atlassian.net/rest/api/3/issue/SCRUM-15/changelog?startAt=0&maxResults=100 "HTTP/1.1 200 OK"
2026-04-24 14:58:01,549 INFO [httpx] HTTP Request: GET https://goldenpath.atlassian.net/rest/api/3/issue/SCRUM-16?fields=summary%2Cstatus%2Cissuetype%2Cassignee%2Cupdated%2CfixVersions%2Cpriority%2Cdescription%2Clabels%2Ccomponents%2Creporter "HTTP/1.1 200 OK"
2026-04-24 14:58:01,862 INFO [httpx] HTTP Request: GET https://goldenpath.atlassian.net/rest/api/3/issue/SCRUM-16/changelog?startAt=0&maxResults=100 "HTTP/1.1 200 OK"
2026-04-24 14:58:02,037 INFO [httpx] HTTP Request: GET https://goldenpath.atlassian.net/rest/api/3/issue/SCRUM-17?fields=summary%2Cstatus%2Cissuetype%2Cassignee%2Cupdated%2CfixVersions%2Cpriority%2Cdescription%2Clabels%2Ccomponents%2Creporter "HTTP/1.1 200 OK"
2026-04-24 14:58:02,254 INFO [httpx] HTTP Request: GET https://goldenpath.atlassian.net/rest/api/3/issue/SCRUM-17/changelog?startAt=0&maxResults=100 "HTTP/1.1 200 OK"
2026-04-24 14:58:02,554 INFO [httpx] HTTP Request: GET https://goldenpath.atlassian.net/rest/api/3/issue/SCRUM-18?fields=summary%2Cstatus%2Cissuetype%2Cassignee%2Cupdated%2CfixVersions%2Cpriority%2Cdescription%2Clabels%2Ccomponents%2Creporter "HTTP/1.1 200 OK"
2026-04-24 14:58:02,850 INFO [httpx] HTTP Request: GET https://goldenpath.atlassian.net/rest/api/3/issue/SCRUM-18/changelog?startAt=0&maxResults=100 "HTTP/1.1 200 OK"
2026-04-24 14:58:03,034 INFO [httpx] HTTP Request: GET https://goldenpath.atlassian.net/rest/api/3/issue/SCRUM-19?fields=summary%2Cstatus%2Cissuetype%2Cassignee%2Cupdated%2CfixVersions%2Cpriority%2Cdescription%2Clabels%2Ccomponents%2Creporter "HTTP/1.1 200 OK"
2026-04-24 14:58:03,290 INFO [httpx] HTTP Request: GET https://goldenpath.atlassian.net/rest/api/3/issue/SCRUM-19/changelog?startAt=0&maxResults=100 "HTTP/1.1 200 OK"
2026-04-24 14:58:03,488 INFO [httpx] HTTP Request: GET https://goldenpath.atlassian.net/rest/api/3/issue/SCRUM-20?fields=summary%2Cstatus%2Cissuetype%2Cassignee%2Cupdated%2CfixVersions%2Cpriority%2Cdescription%2Clabels%2Ccomponents%2Creporter "HTTP/1.1 200 OK"
2026-04-24 14:58:03,675 INFO [httpx] HTTP Request: GET https://goldenpath.atlassian.net/rest/api/3/issue/SCRUM-20/changelog?startAt=0&maxResults=100 "HTTP/1.1 200 OK"
2026-04-24 14:58:03,979 INFO [httpx] HTTP Request: GET https://goldenpath.atlassian.net/rest/api/3/issue/SCRUM-21?fields=summary%2Cstatus%2Cissuetype%2Cassignee%2Cupdated%2CfixVersions%2Cpriority%2Cdescription%2Clabels%2Ccomponents%2Creporter "HTTP/1.1 200 OK"
2026-04-24 14:58:04,282 INFO [httpx] HTTP Request: GET https://goldenpath.atlassian.net/rest/api/3/issue/SCRUM-21/changelog?startAt=0&maxResults=100 "HTTP/1.1 200 OK"
2026-04-24 14:58:04,471 INFO [httpx] HTTP Request: GET https://goldenpath.atlassian.net/rest/api/3/issue/SCRUM-22?fields=summary%2Cstatus%2Cissuetype%2Cassignee%2Cupdated%2CfixVersions%2Cpriority%2Cdescription%2Clabels%2Ccomponents%2Creporter "HTTP/1.1 200 OK"
2026-04-24 14:58:04,832 INFO [httpx] HTTP Request: GET https://goldenpath.atlassian.net/rest/api/3/issue/SCRUM-22/changelog?startAt=0&maxResults=100 "HTTP/1.1 200 OK"
2026-04-24 14:58:05,098 INFO [httpx] HTTP Request: GET https://goldenpath.atlassian.net/rest/api/3/issue/SCRUM-23?fields=summary%2Cstatus%2Cissuetype%2Cassignee%2Cupdated%2CfixVersions%2Cpriority%2Cdescription%2Clabels%2Ccomponents%2Creporter "HTTP/1.1 200 OK"
2026-04-24 14:58:05,280 INFO [httpx] HTTP Request: GET https://goldenpath.atlassian.net/rest/api/3/issue/SCRUM-23/changelog?startAt=0&maxResults=100 "HTTP/1.1 200 OK"
2026-04-24 14:58:05,483 INFO [httpx] HTTP Request: GET https://goldenpath.atlassian.net/rest/api/3/issue/SCRUM-24?fields=summary%2Cstatus%2Cissuetype%2Cassignee%2Cupdated%2CfixVersions%2Cpriority%2Cdescription%2Clabels%2Ccomponents%2Creporter "HTTP/1.1 200 OK"
2026-04-24 14:58:05,728 INFO [httpx] HTTP Request: GET https://goldenpath.atlassian.net/rest/api/3/issue/SCRUM-24/changelog?startAt=0&maxResults=100 "HTTP/1.1 200 OK"
2026-04-24 14:58:06,011 INFO [httpx] HTTP Request: GET https://goldenpath.atlassian.net/rest/api/3/issue/SCRUM-25?fields=summary%2Cstatus%2Cissuetype%2Cassignee%2Cupdated%2CfixVersions%2Cpriority%2Cdescription%2Clabels%2Ccomponents%2Creporter "HTTP/1.1 200 OK"
2026-04-24 14:58:06,339 INFO [httpx] HTTP Request: GET https://goldenpath.atlassian.net/rest/api/3/issue/SCRUM-25/changelog?startAt=0&maxResults=100 "HTTP/1.1 200 OK"
2026-04-24 14:58:06,543 INFO [httpx] HTTP Request: GET https://goldenpath.atlassian.net/rest/api/3/issue/SCRUM-26?fields=summary%2Cstatus%2Cissuetype%2Cassignee%2Cupdated%2CfixVersions%2Cpriority%2Cdescription%2Clabels%2Ccomponents%2Creporter "HTTP/1.1 200 OK"
2026-04-24 14:58:06,749 INFO [httpx] HTTP Request: GET https://goldenpath.atlassian.net/rest/api/3/issue/SCRUM-26/changelog?startAt=0&maxResults=100 "HTTP/1.1 200 OK"
2026-04-24 14:58:07,061 INFO [httpx] HTTP Request: GET https://goldenpath.atlassian.net/rest/api/3/issue/SCRUM-27?fields=summary%2Cstatus%2Cissuetype%2Cassignee%2Cupdated%2CfixVersions%2Cpriority%2Cdescription%2Clabels%2Ccomponents%2Creporter "HTTP/1.1 200 OK"
2026-04-24 14:58:07,315 INFO [httpx] HTTP Request: GET https://goldenpath.atlassian.net/rest/api/3/issue/SCRUM-27/changelog?startAt=0&maxResults=100 "HTTP/1.1 200 OK"
2026-04-24 14:58:07,609 INFO [httpx] HTTP Request: GET https://goldenpath.atlassian.net/rest/api/3/issue/SCRUM-28?fields=summary%2Cstatus%2Cissuetype%2Cassignee%2Cupdated%2CfixVersions%2Cpriority%2Cdescription%2Clabels%2Ccomponents%2Creporter "HTTP/1.1 200 OK"
2026-04-24 14:58:07,821 INFO [httpx] HTTP Request: GET https://goldenpath.atlassian.net/rest/api/3/issue/SCRUM-28/changelog?startAt=0&maxResults=100 "HTTP/1.1 200 OK"
2026-04-24 14:58:08,019 INFO [httpx] HTTP Request: GET https://goldenpath.atlassian.net/rest/api/3/issue/SCRUM-29?fields=summary%2Cstatus%2Cissuetype%2Cassignee%2Cupdated%2CfixVersions%2Cpriority%2Cdescription%2Clabels%2Ccomponents%2Creporter "HTTP/1.1 200 OK"
2026-04-24 14:58:08,182 INFO [httpx] HTTP Request: GET https://goldenpath.atlassian.net/rest/api/3/issue/SCRUM-29/changelog?startAt=0&maxResults=100 "HTTP/1.1 200 OK"
2026-04-24 14:58:08,453 INFO [httpx] HTTP Request: GET https://goldenpath.atlassian.net/rest/api/3/issue/SCRUM-30?fields=summary%2Cstatus%2Cissuetype%2Cassignee%2Cupdated%2CfixVersions%2Cpriority%2Cdescription%2Clabels%2Ccomponents%2Creporter "HTTP/1.1 200 OK"
2026-04-24 14:58:08,639 INFO [httpx] HTTP Request: GET https://goldenpath.atlassian.net/rest/api/3/issue/SCRUM-30/changelog?startAt=0&maxResults=100 "HTTP/1.1 200 OK"
2026-04-24 14:58:08,791 INFO [httpx] HTTP Request: GET https://goldenpath.atlassian.net/rest/api/3/issue/SCRUM-31?fields=summary%2Cstatus%2Cissuetype%2Cassignee%2Cupdated%2CfixVersions%2Cpriority%2Cdescription%2Clabels%2Ccomponents%2Creporter "HTTP/1.1 200 OK"
2026-04-24 14:58:08,942 INFO [httpx] HTTP Request: GET https://goldenpath.atlassian.net/rest/api/3/issue/SCRUM-31/changelog?startAt=0&maxResults=100 "HTTP/1.1 200 OK"
2026-04-24 14:58:09,228 INFO [httpx] HTTP Request: GET https://goldenpath.atlassian.net/rest/api/3/issue/SCRUM-32?fields=summary%2Cstatus%2Cissuetype%2Cassignee%2Cupdated%2CfixVersions%2Cpriority%2Cdescription%2Clabels%2Ccomponents%2Creporter "HTTP/1.1 200 OK"
2026-04-24 14:58:09,408 INFO [httpx] HTTP Request: GET https://goldenpath.atlassian.net/rest/api/3/issue/SCRUM-32/changelog?startAt=0&maxResults=100 "HTTP/1.1 200 OK"
2026-04-24 14:58:09,597 INFO [httpx] HTTP Request: GET https://goldenpath.atlassian.net/rest/api/3/issue/SCRUM-33?fields=summary%2Cstatus%2Cissuetype%2Cassignee%2Cupdated%2CfixVersions%2Cpriority%2Cdescription%2Clabels%2Ccomponents%2Creporter "HTTP/1.1 200 OK"
2026-04-24 14:58:09,784 INFO [httpx] HTTP Request: GET https://goldenpath.atlassian.net/rest/api/3/issue/SCRUM-33/changelog?startAt=0&maxResults=100 "HTTP/1.1 200 OK"
2026-04-24 14:58:09,954 INFO [httpx] HTTP Request: GET https://goldenpath.atlassian.net/rest/api/3/issue/SCRUM-34?fields=summary%2Cstatus%2Cissuetype%2Cassignee%2Cupdated%2CfixVersions%2Cpriority%2Cdescription%2Clabels%2Ccomponents%2Creporter "HTTP/1.1 200 OK"
2026-04-24 14:58:10,136 INFO [httpx] HTTP Request: GET https://goldenpath.atlassian.net/rest/api/3/issue/SCRUM-34/changelog?startAt=0&maxResults=100 "HTTP/1.1 200 OK"
2026-04-24 14:58:10,340 INFO [httpx] HTTP Request: GET https://goldenpath.atlassian.net/rest/api/3/issue/SCRUM-35?fields=summary%2Cstatus%2Cissuetype%2Cassignee%2Cupdated%2CfixVersions%2Cpriority%2Cdescription%2Clabels%2Ccomponents%2Creporter "HTTP/1.1 200 OK"
2026-04-24 14:58:10,627 INFO [httpx] HTTP Request: GET https://goldenpath.atlassian.net/rest/api/3/issue/SCRUM-35/changelog?startAt=0&maxResults=100 "HTTP/1.1 200 OK"
2026-04-24 14:58:10,903 INFO [httpx] HTTP Request: GET https://goldenpath.atlassian.net/rest/api/3/issue/SCRUM-36?fields=summary%2Cstatus%2Cissuetype%2Cassignee%2Cupdated%2CfixVersions%2Cpriority%2Cdescription%2Clabels%2Ccomponents%2Creporter "HTTP/1.1 200 OK"
2026-04-24 14:58:11,200 INFO [httpx] HTTP Request: GET https://goldenpath.atlassian.net/rest/api/3/issue/SCRUM-36/changelog?startAt=0&maxResults=100 "HTTP/1.1 200 OK"
2026-04-24 14:58:11,202 INFO [app.services.sync_service] jira_sync_issues_processed project_key=SCRUM issues_fetched=36 issues_inserted=0 issues_updated=36 issues_skipped=0
2026-04-24 14:58:11,202 INFO [app.services.sync_service] jira_sync_changelog_processed project_key=SCRUM history_fetched=104 history_inserted=11 history_skipped=93
2026-04-24 14:58:11,203 INFO [app.services.analytics_service] metrics_recompute_started release_id=10000
2026-04-24 14:58:11,230 INFO [app.services.analytics_service] metrics_recompute_completed release_id=10000 open_blockers=0 open_high_severity_bugs=0
2026-04-24 14:58:11,231 INFO [app.services.signal_service] signal_recompute_started release_id=10000
2026-04-24 14:58:11,241 INFO [app.services.signal_service] signal_recompute_completed release_id=10000 signal=GREEN reason_count=1
2026-04-24 14:58:11,246 INFO [app.services.analytics_service] metrics_recompute_started release_id=10033
2026-04-24 14:58:11,266 INFO [app.services.analytics_service] metrics_recompute_completed release_id=10033 open_blockers=0 open_high_severity_bugs=0
2026-04-24 14:58:11,266 INFO [app.services.signal_service] signal_recompute_started release_id=10033
2026-04-24 14:58:11,272 INFO [app.services.signal_service] signal_recompute_completed release_id=10033 signal=RED reason_count=1
2026-04-24 14:58:11,274 INFO [app.services.analytics_service] metrics_recompute_started release_id=10066
2026-04-24 14:58:11,282 INFO [app.services.analytics_service] metrics_recompute_completed release_id=10066 open_blockers=2 open_high_severity_bugs=1
2026-04-24 14:58:11,282 INFO [app.services.signal_service] signal_recompute_started release_id=10066
2026-04-24 14:58:11,288 INFO [app.services.signal_service] signal_recompute_completed release_id=10066 signal=RED reason_count=2
2026-04-24 14:58:11,289 INFO [app.services.analytics_service] metrics_recompute_started release_id=10099
2026-04-24 14:58:11,295 INFO [app.services.analytics_service] metrics_recompute_completed release_id=10099 open_blockers=0 open_high_severity_bugs=0
2026-04-24 14:58:11,296 INFO [app.services.signal_service] signal_recompute_started release_id=10099
2026-04-24 14:58:11,300 INFO [app.services.signal_service] signal_recompute_completed release_id=10099 signal=GREEN reason_count=1
2026-04-24 14:58:11,301 INFO [app.services.sync_service] jira_sync_recompute_processed project_key=SCRUM releases_recomputed=4
2026-04-24 14:58:11,307 INFO [app.services.sync_service] jira_sync_completed project_key=SCRUM releases_fetched=4 releases_inserted=1 releases_updated=3 issues_fetched=36 issues_inserted=0 issues_updated=36 issues_skipped=0 history_fetched=104 history_inserted=11 history_skipped=93
WARNING:  WatchFiles detected changes in 'app\main.py'. Reloading...
